Archive member included because of file (symbol)

/home/phipse/gsoc/pok/trunk/libpok/libpok.a(arch.lo)
                              main.o (pok_do_syscall)
/home/phipse/gsoc/pok/trunk/libpok/libpok.a(core.lo)
                              main.o (pok_thread_attr_init)
/home/phipse/gsoc/pok/trunk/libpok/libpok.a(libc.lo)
                              main.o (printf)

Allocating common symbols
Common symbol       size              file

pok_allocator_memspace
                    0x8000            /home/phipse/gsoc/pok/trunk/libpok/libpok.a(core.lo)
errno               0x4               /home/phipse/gsoc/pok/trunk/libpok/libpok.a(core.lo)
pok_threads         0x8               main.o
pok_allocator_spaces
                    0x4b0             /home/phipse/gsoc/pok/trunk/libpok/libpok.a(core.lo)

Memory Configuration

Name             Origin             Length             Attributes
*default*        0x0000000000000000 0xffffffffffffffff

Linker script and memory map

                0x0000000000000000                . = 0x0
                0x0000000000000000                __partition_begin = .

.text           0x0000000000000000      0xdb6
 *(.text)
 .text          0x0000000000000000      0x10b main.o
                0x0000000000000000                main
 *fill*         0x000000000000010b        0x1 
 .text          0x000000000000010c       0x21 activity.o
                0x000000000000010c                thr2_job
 *fill*         0x000000000000012d        0x3 
 .text          0x0000000000000130       0x1c subprograms.o
                0x0000000000000130                test__hello_part2
 .text          0x000000000000014c        0x0 gtypes.o
 .text          0x000000000000014c       0xa0 ../../../hello2.o
                0x000000000000014c                user_hello_part2
 .text          0x00000000000001ec       0x25 /home/phipse/gsoc/pok/trunk/libpok/libpok.a(arch.lo)
                0x00000000000001ec                pok_do_syscall
 *fill*         0x0000000000000211        0x3 
 .text          0x0000000000000214      0x5c7 /home/phipse/gsoc/pok/trunk/libpok/libpok.a(core.lo)
                0x0000000000000214                pok_allocator_allocate
                0x0000000000000360                pok_allocator_delete_space
                0x00000000000003ae                pok_allocator_merge_space
                0x0000000000000482                pok_allocator_free
                0x0000000000000560                __pok_partition_start
                0x0000000000000584                pok_thread_create
                0x00000000000005d8                pok_thread_attr_init
                0x0000000000000638                pok_thread_period
                0x000000000000068c                pok_thread_status
                0x00000000000006e0                pok_thread_delayed_start
                0x0000000000000734                pok_thread_set_priority
                0x0000000000000788                pok_thread_resume
 *fill*         0x00000000000007db        0x1 
 .text          0x00000000000007dc      0x5da /home/phipse/gsoc/pok/trunk/libpok/libpok.a(libc.lo)
                0x0000000000000b15                vprintf
                0x0000000000000c9a                printf
                0x0000000000000cc4                memcpy
                0x0000000000000d00                rand
                0x0000000000000d48                free
                0x0000000000000d6c                malloc
                0x0000000000000d90                calloc

.iplt           0x0000000000000dc0        0x0
 .iplt          0x0000000000000000        0x0 main.o

.rodata         0x0000000000000dc0       0x7d
 *(.rodata)
 .rodata        0x0000000000000dc0       0x7d /home/phipse/gsoc/pok/trunk/libpok/libpok.a(libc.lo)

.rodata.str1.1  0x0000000000000e3d       0x1c
 .rodata.str1.1
                0x0000000000000e3d        0x7 main.o
 .rodata.str1.1
                0x0000000000000e44       0x15 ../../../hello2.o

.rodata.str1.4  0x0000000000000e5c       0xe8
 .rodata.str1.4
                0x0000000000000e5c       0x2c main.o
 .rodata.str1.4
                0x0000000000000e88       0xbc ../../../hello2.o
                                         0xb9 (size before relaxing)

.eh_frame       0x0000000000000f44      0x48c
 .eh_frame      0x0000000000000f44       0x38 main.o
 .eh_frame      0x0000000000000f7c       0x1c activity.o
                                         0x34 (size before relaxing)
 .eh_frame      0x0000000000000f98       0x20 subprograms.o
                                         0x38 (size before relaxing)
 .eh_frame      0x0000000000000fb8       0x28 ../../../hello2.o
                                         0x40 (size before relaxing)
 .eh_frame      0x0000000000000fe0       0x24 /home/phipse/gsoc/pok/trunk/libpok/libpok.a(arch.lo)
                                         0x3c (size before relaxing)
 .eh_frame      0x0000000000001004      0x1a4 /home/phipse/gsoc/pok/trunk/libpok/libpok.a(core.lo)
                                        0x27c (size before relaxing)
 .eh_frame      0x00000000000011a8      0x228 /home/phipse/gsoc/pok/trunk/libpok/libpok.a(libc.lo)
                                        0x2b8 (size before relaxing)

.rel.dyn        0x00000000000013d0        0x0
 .rel.iplt      0x0000000000000000        0x0 main.o
 .rel.text      0x0000000000000000        0x0 main.o

.data           0x00000000000013e0     0x8590
 *(.data)
 .data          0x00000000000013e0        0x0 main.o
 .data          0x00000000000013e0        0x0 activity.o
 .data          0x00000000000013e0        0x0 subprograms.o
 .data          0x00000000000013e0        0x0 gtypes.o
 .data          0x00000000000013e0        0x0 ../../../hello2.o
 .data          0x00000000000013e0        0x0 /home/phipse/gsoc/pok/trunk/libpok/libpok.a(arch.lo)
 .data          0x00000000000013e0        0x0 /home/phipse/gsoc/pok/trunk/libpok/libpok.a(core.lo)
 .data          0x00000000000013e0        0x4 /home/phipse/gsoc/pok/trunk/libpok/libpok.a(libc.lo)
 *(.bss)
 .bss           0x00000000000013e4        0x0 main.o
 .bss           0x00000000000013e4        0x0 activity.o
 .bss           0x00000000000013e4        0x0 subprograms.o
 .bss           0x00000000000013e4        0x0 gtypes.o
 .bss           0x00000000000013e4        0x0 ../../../hello2.o
 .bss           0x00000000000013e4        0x0 /home/phipse/gsoc/pok/trunk/libpok/libpok.a(arch.lo)
 .bss           0x00000000000013e4        0x8 /home/phipse/gsoc/pok/trunk/libpok/libpok.a(core.lo)
                0x00000000000013e4                pok_allocator_initialized
                0x00000000000013e8                pok_allocator_used_spaces
 *fill*         0x00000000000013ec       0x14 
 .bss           0x0000000000001400       0x84 /home/phipse/gsoc/pok/trunk/libpok/libpok.a(libc.lo)
 *(COMMON)
 COMMON         0x0000000000001484        0x8 main.o
                0x0000000000001484                pok_threads
 *fill*         0x000000000000148c       0x14 
 COMMON         0x00000000000014a0     0x84d0 /home/phipse/gsoc/pok/trunk/libpok/libpok.a(core.lo)
                0x00000000000014a0                pok_allocator_memspace
                0x00000000000094a0                errno
                0x00000000000094c0                pok_allocator_spaces
                0x0000000000009970                __partition_end = .
LOAD main.o
LOAD activity.o
LOAD subprograms.o
LOAD gtypes.o
LOAD ../../../hello2.o
LOAD /home/phipse/gsoc/pok/trunk/libpok/libpok.a
OUTPUT(part2.elf elf32-i386)

.igot.plt       0x0000000000009970        0x0
 .igot.plt      0x0000000000000000        0x0 main.o

.debug_info     0x0000000000000000     0x343e
 .debug_info    0x0000000000000000      0x4a3 main.o
 .debug_info    0x00000000000004a3      0x199 activity.o
 .debug_info    0x000000000000063c       0x4c subprograms.o
 .debug_info    0x0000000000000688      0x21e ../../../hello2.o
 .debug_info    0x00000000000008a6      0x2d0 /home/phipse/gsoc/pok/trunk/libpok/libpok.a(arch.lo)
 .debug_info    0x0000000000000b76     0x17cb /home/phipse/gsoc/pok/trunk/libpok/libpok.a(core.lo)
 .debug_info    0x0000000000002341     0x10fd /home/phipse/gsoc/pok/trunk/libpok/libpok.a(libc.lo)

.debug_abbrev   0x0000000000000000     0x1229
 .debug_abbrev  0x0000000000000000      0x122 main.o
 .debug_abbrev  0x0000000000000122       0xaf activity.o
 .debug_abbrev  0x00000000000001d1       0x4a subprograms.o
 .debug_abbrev  0x000000000000021b       0xe9 ../../../hello2.o
 .debug_abbrev  0x0000000000000304       0xbb /home/phipse/gsoc/pok/trunk/libpok/libpok.a(arch.lo)
 .debug_abbrev  0x00000000000003bf      0x7b3 /home/phipse/gsoc/pok/trunk/libpok/libpok.a(core.lo)
 .debug_abbrev  0x0000000000000b72      0x6b7 /home/phipse/gsoc/pok/trunk/libpok/libpok.a(libc.lo)

.debug_loc      0x0000000000000000      0x85d
 .debug_loc     0x0000000000000000       0x1e main.o
 .debug_loc     0x000000000000001e       0x72 ../../../hello2.o
 .debug_loc     0x0000000000000090      0x143 /home/phipse/gsoc/pok/trunk/libpok/libpok.a(core.lo)
 .debug_loc     0x00000000000001d3      0x68a /home/phipse/gsoc/pok/trunk/libpok/libpok.a(libc.lo)

.debug_aranges  0x0000000000000000      0x340
 .debug_aranges
                0x0000000000000000       0x20 main.o
 .debug_aranges
                0x0000000000000020       0x20 activity.o
 .debug_aranges
                0x0000000000000040       0x20 subprograms.o
 .debug_aranges
                0x0000000000000060       0x20 ../../../hello2.o
 .debug_aranges
                0x0000000000000080       0x20 /home/phipse/gsoc/pok/trunk/libpok/libpok.a(arch.lo)
 .debug_aranges
                0x00000000000000a0      0x138 /home/phipse/gsoc/pok/trunk/libpok/libpok.a(core.lo)
 .debug_aranges
                0x00000000000001d8      0x168 /home/phipse/gsoc/pok/trunk/libpok/libpok.a(libc.lo)

.debug_line     0x0000000000000000     0x107a
 .debug_line    0x0000000000000000      0x15d main.o
 .debug_line    0x000000000000015d       0xc8 activity.o
 .debug_line    0x0000000000000225       0x3e subprograms.o
 .debug_line    0x0000000000000263        0x0 gtypes.o
 .debug_line    0x0000000000000263      0x113 ../../../hello2.o
 .debug_line    0x0000000000000376       0xba /home/phipse/gsoc/pok/trunk/libpok/libpok.a(arch.lo)
 .debug_line    0x0000000000000430      0x6e9 /home/phipse/gsoc/pok/trunk/libpok/libpok.a(core.lo)
 .debug_line    0x0000000000000b19      0x561 /home/phipse/gsoc/pok/trunk/libpok/libpok.a(libc.lo)

.debug_str      0x0000000000000000      0xd9a
 .debug_str     0x0000000000000000      0x82d main.o
                                        0x871 (size before relaxing)
 .debug_str     0x000000000000082d       0x38 activity.o
                                        0x400 (size before relaxing)
 .debug_str     0x0000000000000865       0x1f subprograms.o
                                        0x11a (size before relaxing)
 .debug_str     0x0000000000000884       0x39 ../../../hello2.o
                                        0x1bf (size before relaxing)
 .debug_str     0x00000000000008bd       0x4b /home/phipse/gsoc/pok/trunk/libpok/libpok.a(arch.lo)
                                        0x713 (size before relaxing)
 .debug_str     0x0000000000000908      0x236 /home/phipse/gsoc/pok/trunk/libpok/libpok.a(core.lo)
                                       0x34a6 (size before relaxing)
 .debug_str     0x0000000000000b3e      0x25c /home/phipse/gsoc/pok/trunk/libpok/libpok.a(libc.lo)
                                       0x1801 (size before relaxing)

.comment        0x0000000000000000       0x2c
 .comment       0x0000000000000000       0x2c main.o
                                         0x2d (size before relaxing)
 .comment       0x0000000000000000       0x2d activity.o
 .comment       0x0000000000000000       0x2d subprograms.o
 .comment       0x0000000000000000       0x2d gtypes.o
 .comment       0x0000000000000000       0x2d ../../../hello2.o
 .comment       0x0000000000000000       0xb4 /home/phipse/gsoc/pok/trunk/libpok/libpok.a(arch.lo)
 .comment       0x0000000000000000      0x627 /home/phipse/gsoc/pok/trunk/libpok/libpok.a(core.lo)
 .comment       0x0000000000000000      0x276 /home/phipse/gsoc/pok/trunk/libpok/libpok.a(libc.lo)

.note.GNU-stack
                0x0000000000000000        0x0
 .note.GNU-stack
                0x0000000000000000        0x0 main.o
 .note.GNU-stack
                0x0000000000000000        0x0 activity.o
 .note.GNU-stack
                0x0000000000000000        0x0 subprograms.o
 .note.GNU-stack
                0x0000000000000000        0x0 gtypes.o
 .note.GNU-stack
                0x0000000000000000        0x0 ../../../hello2.o
 .note.GNU-stack
                0x0000000000000000        0x0 /home/phipse/gsoc/pok/trunk/libpok/libpok.a(arch.lo)
 .note.GNU-stack
                0x0000000000000000        0x0 /home/phipse/gsoc/pok/trunk/libpok/libpok.a(core.lo)
 .note.GNU-stack
                0x0000000000000000        0x0 /home/phipse/gsoc/pok/trunk/libpok/libpok.a(libc.lo)

.debug_ranges   0x0000000000000000       0x18
 .debug_ranges  0x0000000000000000       0x18 /home/phipse/gsoc/pok/trunk/libpok/libpok.a(libc.lo)
