Archive member included because of file (symbol)

/home/shenyouren/workspace/pok/libpok/libpok.a(arch.lo)
                              main.o (pok_do_syscall)
/home/shenyouren/workspace/pok/libpok/libpok.a(core.lo)
                              main.o (pok_thread_attr_init)
/home/shenyouren/workspace/pok/libpok/libpok.a(libc.lo)
                              main.o (printf)

Allocating common symbols
Common symbol       size              file

pok_allocator_memspace
                    0x8000            /home/shenyouren/workspace/pok/libpok/libpok.a(core.lo)
errno               0x4               /home/shenyouren/workspace/pok/libpok/libpok.a(core.lo)
pok_threads         0x8               main.o
pok_allocator_spaces
                    0x4b0             /home/shenyouren/workspace/pok/libpok/libpok.a(core.lo)

Memory Configuration

Name             Origin             Length             Attributes
*default*        0x0000000000000000 0xffffffffffffffff

Linker script and memory map

                0x0000000000000000                . = 0x0
                0x0000000000000000                __partition_begin = .

.text           0x0000000000000000      0xda2
 *(.text)
 .text          0x0000000000000000      0x10b main.o
                0x0000000000000000                main
 *fill*         0x000000000000010b        0x1 00
 .text          0x000000000000010c       0x21 activity.o
                0x000000000000010c                thr2_job
 *fill*         0x000000000000012d        0x3 00
 .text          0x0000000000000130       0x1c subprograms.o
                0x0000000000000130                test__hello_part2
 .text          0x000000000000014c        0x0 gtypes.o
 .text          0x000000000000014c       0xa0 ../../../hello2.o
                0x000000000000014c                user_hello_part2
 .text          0x00000000000001ec       0x4d /home/shenyouren/workspace/pok/libpok/libpok.a(arch.lo)
                0x00000000000001ec                pok_do_syscall
                0x0000000000000214                pok_do_hypercall
 *fill*         0x0000000000000239        0x3 00
 .text          0x000000000000023c      0x5bf /home/shenyouren/workspace/pok/libpok/libpok.a(core.lo)
                0x000000000000023c                pok_allocator_allocate
                0x000000000000037f                pok_allocator_delete_space
                0x00000000000003cd                pok_allocator_merge_space
                0x00000000000004a7                pok_allocator_free
                0x0000000000000584                __pok_partition_start
                0x00000000000005a8                pok_thread_create
                0x00000000000005fc                pok_thread_attr_init
                0x0000000000000658                pok_thread_period
                0x00000000000006ac                pok_thread_status
                0x0000000000000700                pok_thread_delayed_start
                0x0000000000000754                pok_thread_set_priority
                0x00000000000007a8                pok_thread_resume
 *fill*         0x00000000000007fb        0x1 00
 .text          0x00000000000007fc      0x5a6 /home/shenyouren/workspace/pok/libpok/libpok.a(libc.lo)
                0x0000000000000b2c                vprintf
                0x0000000000000c87                printf
                0x0000000000000cb0                memcpy
                0x0000000000000cec                rand
                0x0000000000000d34                free
                0x0000000000000d58                malloc
                0x0000000000000d7c                calloc

.iplt           0x0000000000000db0        0x0
 .iplt          0x0000000000000000        0x0 main.o

.rodata         0x0000000000000dc0       0x7d
 *(.rodata)
 .rodata        0x0000000000000dc0       0x7d /home/shenyouren/workspace/pok/libpok/libpok.a(libc.lo)

.rodata.str1.1  0x0000000000000e3d       0x1c
 .rodata.str1.1
                0x0000000000000e3d        0x7 main.o
 .rodata.str1.1
                0x0000000000000e44       0x15 ../../../hello2.o

.rodata.str1.4  0x0000000000000e5c       0xe8
 .rodata.str1.4
                0x0000000000000e5c       0x2c main.o
 .rodata.str1.4
                0x0000000000000e88       0xbc ../../../hello2.o
                                         0xb9 (size before relaxing)

.eh_frame       0x0000000000000f44      0x4b8
 .eh_frame      0x0000000000000f44       0x38 main.o
 .eh_frame      0x0000000000000f7c       0x1c activity.o
                                         0x34 (size before relaxing)
 .eh_frame      0x0000000000000f98       0x20 subprograms.o
                                         0x38 (size before relaxing)
 .eh_frame      0x0000000000000fb8       0x28 ../../../hello2.o
                                         0x40 (size before relaxing)
 .eh_frame      0x0000000000000fe0       0x48 /home/shenyouren/workspace/pok/libpok/libpok.a(arch.lo)
                                         0x78 (size before relaxing)
 .eh_frame      0x0000000000001028      0x1a4 /home/shenyouren/workspace/pok/libpok/libpok.a(core.lo)
                                        0x27c (size before relaxing)
 .eh_frame      0x00000000000011cc      0x230 /home/shenyouren/workspace/pok/libpok/libpok.a(libc.lo)
                                        0x2c0 (size before relaxing)

.rel.dyn        0x00000000000013fc        0x0
 .rel.iplt      0x0000000000000000        0x0 main.o
 .rel.text      0x0000000000000000        0x0 main.o

.data           0x0000000000001400     0x8590
 *(.data)
 .data          0x0000000000001400        0x0 main.o
 .data          0x0000000000001400        0x0 activity.o
 .data          0x0000000000001400        0x0 subprograms.o
 .data          0x0000000000001400        0x0 gtypes.o
 .data          0x0000000000001400        0x0 ../../../hello2.o
 .data          0x0000000000001400        0x0 /home/shenyouren/workspace/pok/libpok/libpok.a(arch.lo)
 .data          0x0000000000001400        0x0 /home/shenyouren/workspace/pok/libpok/libpok.a(core.lo)
 .data          0x0000000000001400        0x4 /home/shenyouren/workspace/pok/libpok/libpok.a(libc.lo)
 *(.bss)
 .bss           0x0000000000001404        0x0 main.o
 .bss           0x0000000000001404        0x0 activity.o
 .bss           0x0000000000001404        0x0 subprograms.o
 .bss           0x0000000000001404        0x0 gtypes.o
 .bss           0x0000000000001404        0x0 ../../../hello2.o
 .bss           0x0000000000001404        0x0 /home/shenyouren/workspace/pok/libpok/libpok.a(arch.lo)
 .bss           0x0000000000001404        0x8 /home/shenyouren/workspace/pok/libpok/libpok.a(core.lo)
                0x0000000000001404                pok_allocator_initialized
                0x0000000000001408                pok_allocator_used_spaces
 *fill*         0x000000000000140c       0x14 00
 .bss           0x0000000000001420       0x84 /home/shenyouren/workspace/pok/libpok/libpok.a(libc.lo)
 *(COMMON)
 COMMON         0x00000000000014a4        0x8 main.o
                0x00000000000014a4                pok_threads
 *fill*         0x00000000000014ac       0x14 00
 COMMON         0x00000000000014c0     0x84d0 /home/shenyouren/workspace/pok/libpok/libpok.a(core.lo)
                0x00000000000014c0                pok_allocator_memspace
                0x00000000000094c0                errno
                0x00000000000094e0                pok_allocator_spaces
                0x0000000000009990                __partition_end = .
LOAD main.o
LOAD activity.o
LOAD subprograms.o
LOAD gtypes.o
LOAD ../../../hello2.o
LOAD /home/shenyouren/workspace/pok/libpok/libpok.a
OUTPUT(part2.elf elf32-i386)

.igot.plt       0x0000000000009990        0x0
 .igot.plt      0x0000000000000000        0x0 main.o

.debug_info     0x0000000000000000     0x2f9f
 .debug_info    0x0000000000000000      0x38c main.o
 .debug_info    0x000000000000038c      0x173 activity.o
 .debug_info    0x00000000000004ff       0x3b subprograms.o
 .debug_info    0x000000000000053a       0xce ../../../hello2.o
 .debug_info    0x0000000000000608      0x54b /home/shenyouren/workspace/pok/libpok/libpok.a(arch.lo)
 .debug_info    0x0000000000000b53     0x1664 /home/shenyouren/workspace/pok/libpok/libpok.a(core.lo)
 .debug_info    0x00000000000021b7      0xde8 /home/shenyouren/workspace/pok/libpok/libpok.a(libc.lo)

.debug_abbrev   0x0000000000000000      0xf46
 .debug_abbrev  0x0000000000000000       0xca main.o
 .debug_abbrev  0x00000000000000ca       0x78 activity.o
 .debug_abbrev  0x0000000000000142       0x29 subprograms.o
 .debug_abbrev  0x000000000000016b        0x1 gtypes.o
 .debug_abbrev  0x000000000000016c       0x82 ../../../hello2.o
 .debug_abbrev  0x00000000000001ee      0x173 /home/shenyouren/workspace/pok/libpok/libpok.a(arch.lo)
 .debug_abbrev  0x0000000000000361      0x5ee /home/shenyouren/workspace/pok/libpok/libpok.a(core.lo)
 .debug_abbrev  0x000000000000094f      0x5f7 /home/shenyouren/workspace/pok/libpok/libpok.a(libc.lo)

.debug_loc      0x0000000000000000      0xd27
 .debug_loc     0x0000000000000000       0x56 main.o
 .debug_loc     0x0000000000000056       0x2c activity.o
 .debug_loc     0x0000000000000082       0x38 subprograms.o
 .debug_loc     0x00000000000000ba       0x88 ../../../hello2.o
 .debug_loc     0x0000000000000142       0x70 /home/shenyouren/workspace/pok/libpok/libpok.a(arch.lo)
 .debug_loc     0x00000000000001b2      0x34b /home/shenyouren/workspace/pok/libpok/libpok.a(core.lo)
 .debug_loc     0x00000000000004fd      0x82a /home/shenyouren/workspace/pok/libpok/libpok.a(libc.lo)

.debug_aranges  0x0000000000000000      0x2a0
 .debug_aranges
                0x0000000000000000       0x20 main.o
 .debug_aranges
                0x0000000000000020       0x20 activity.o
 .debug_aranges
                0x0000000000000040       0x20 subprograms.o
 .debug_aranges
                0x0000000000000060       0x20 ../../../hello2.o
 .debug_aranges
                0x0000000000000080       0x40 /home/shenyouren/workspace/pok/libpok/libpok.a(arch.lo)
 .debug_aranges
                0x00000000000000c0      0x120 /home/shenyouren/workspace/pok/libpok/libpok.a(core.lo)
 .debug_aranges
                0x00000000000001e0       0xc0 /home/shenyouren/workspace/pok/libpok/libpok.a(libc.lo)

.debug_line     0x0000000000000000      0xfa0
 .debug_line    0x0000000000000000      0x12b main.o
 .debug_line    0x000000000000012b       0x7e activity.o
 .debug_line    0x00000000000001a9       0x3e subprograms.o
 .debug_line    0x00000000000001e7        0x0 gtypes.o
 .debug_line    0x00000000000001e7       0x97 ../../../hello2.o
 .debug_line    0x000000000000027e      0x176 /home/shenyouren/workspace/pok/libpok/libpok.a(arch.lo)
 .debug_line    0x00000000000003f4      0x6e2 /home/shenyouren/workspace/pok/libpok/libpok.a(core.lo)
 .debug_line    0x0000000000000ad6      0x4ca /home/shenyouren/workspace/pok/libpok/libpok.a(libc.lo)

.debug_str      0x0000000000000000      0xe69
 .debug_str     0x0000000000000000      0x75e main.o
                                        0x79b (size before relaxing)
 .debug_str     0x000000000000075e       0x14 activity.o
                                        0x35d (size before relaxing)
 .debug_str     0x0000000000000772       0x20 subprograms.o
                                         0x8a (size before relaxing)
 .debug_str     0x0000000000000792       0x31 ../../../hello2.o
                                        0x112 (size before relaxing)
 .debug_str     0x00000000000007c3      0x1b6 /home/shenyouren/workspace/pok/libpok/libpok.a(arch.lo)
                                        0xb23 (size before relaxing)
 .debug_str     0x0000000000000979      0x27d /home/shenyouren/workspace/pok/libpok/libpok.a(core.lo)
                                       0x2e7e (size before relaxing)
 .debug_str     0x0000000000000bf6      0x273 /home/shenyouren/workspace/pok/libpok/libpok.a(libc.lo)
                                        0xe2d (size before relaxing)

.comment        0x0000000000000000       0x2a
 .comment       0x0000000000000000       0x2a main.o
                                         0x2b (size before relaxing)
 .comment       0x0000000000000000       0x2b activity.o
 .comment       0x0000000000000000       0x2b subprograms.o
 .comment       0x0000000000000000       0x2b gtypes.o
 .comment       0x0000000000000000       0x2b ../../../hello2.o
 .comment       0x0000000000000000       0xd7 /home/shenyouren/workspace/pok/libpok/libpok.a(arch.lo)
 .comment       0x0000000000000000      0x5e1 /home/shenyouren/workspace/pok/libpok/libpok.a(core.lo)
 .comment       0x0000000000000000      0x25a /home/shenyouren/workspace/pok/libpok/libpok.a(libc.lo)

.note.GNU-stack
                0x0000000000000000        0x0
 .note.GNU-stack
                0x0000000000000000        0x0 main.o
 .note.GNU-stack
                0x0000000000000000        0x0 activity.o
 .note.GNU-stack
                0x0000000000000000        0x0 subprograms.o
 .note.GNU-stack
                0x0000000000000000        0x0 gtypes.o
 .note.GNU-stack
                0x0000000000000000        0x0 ../../../hello2.o
 .note.GNU-stack
                0x0000000000000000        0x0 /home/shenyouren/workspace/pok/libpok/libpok.a(arch.lo)
 .note.GNU-stack
                0x0000000000000000        0x0 /home/shenyouren/workspace/pok/libpok/libpok.a(core.lo)
 .note.GNU-stack
                0x0000000000000000        0x0 /home/shenyouren/workspace/pok/libpok/libpok.a(libc.lo)

.debug_ranges   0x0000000000000000       0x30
 .debug_ranges  0x0000000000000000       0x30 /home/shenyouren/workspace/pok/libpok/libpok.a(libc.lo)
