Archive member included because of file (symbol)

/home/phipse/gsoc/pok/trunk/libpok/libpok.a(arch.lo)
                              main.o (pok_do_syscall)
/home/phipse/gsoc/pok/trunk/libpok/libpok.a(core.lo)
                              main.o (pok_thread_attr_init)
/home/phipse/gsoc/pok/trunk/libpok/libpok.a(libc.lo)
                              main.o (printf)

Allocating common symbols
Common symbol       size              file

errno               0x4               /home/phipse/gsoc/pok/trunk/libpok/libpok.a(core.lo)
pok_threads         0x8               main.o

Memory Configuration

Name             Origin             Length             Attributes
*default*        0x0000000000000000 0xffffffffffffffff

Linker script and memory map

                0x0000000000000000                . = 0x0
                0x0000000000000000                __partition_begin = .

.text           0x0000000000000000      0x958
 *(.text)
 .text          0x0000000000000000      0x10b main.o
                0x0000000000000000                main
 *fill*         0x000000000000010b        0x1 
 .text          0x000000000000010c       0x21 activity.o
                0x000000000000010c                thr1_job
 *fill*         0x000000000000012d        0x3 
 .text          0x0000000000000130       0x1c subprograms.o
                0x0000000000000130                myhello__user_hello
 .text          0x000000000000014c        0x0 gtypes.o
 .text          0x000000000000014c       0x41 ../../../hello.o
                0x000000000000014c                user_hello
 *fill*         0x000000000000018d        0x3 
 .text          0x0000000000000190       0x25 /home/phipse/gsoc/pok/trunk/libpok/libpok.a(arch.lo)
                0x0000000000000190                pok_do_syscall
 *fill*         0x00000000000001b5        0x3 
 .text          0x00000000000001b8      0x27b /home/phipse/gsoc/pok/trunk/libpok/libpok.a(core.lo)
                0x00000000000001b8                __pok_partition_start
                0x00000000000001dc                pok_thread_create
                0x0000000000000230                pok_thread_attr_init
                0x0000000000000290                pok_thread_period
                0x00000000000002e4                pok_thread_status
                0x0000000000000338                pok_thread_delayed_start
                0x000000000000038c                pok_thread_set_priority
                0x00000000000003e0                pok_thread_resume
 *fill*         0x0000000000000433        0x1 
 .text          0x0000000000000434      0x524 /home/phipse/gsoc/pok/trunk/libpok/libpok.a(libc.lo)
                0x000000000000076d                vprintf
                0x00000000000008f2                printf
                0x000000000000091c                memcpy

.iplt           0x0000000000000960        0x0
 .iplt          0x0000000000000000        0x0 main.o

.rodata         0x0000000000000960       0x7d
 *(.rodata)
 .rodata        0x0000000000000960       0x7d /home/phipse/gsoc/pok/trunk/libpok/libpok.a(libc.lo)

.rodata.str1.1  0x00000000000009dd       0x2d
 .rodata.str1.1
                0x00000000000009dd        0x7 main.o
 .rodata.str1.1
                0x00000000000009e4       0x26 ../../../hello.o

.rodata.str1.4  0x0000000000000a0c       0x2c
 .rodata.str1.4
                0x0000000000000a0c       0x2c main.o

.eh_frame       0x0000000000000a38      0x360
 .eh_frame      0x0000000000000a38       0x38 main.o
 .eh_frame      0x0000000000000a70       0x1c activity.o
                                         0x34 (size before relaxing)
 .eh_frame      0x0000000000000a8c       0x20 subprograms.o
                                         0x38 (size before relaxing)
 .eh_frame      0x0000000000000aac       0x20 ../../../hello.o
                                         0x38 (size before relaxing)
 .eh_frame      0x0000000000000acc       0x24 /home/phipse/gsoc/pok/trunk/libpok/libpok.a(arch.lo)
                                         0x3c (size before relaxing)
 .eh_frame      0x0000000000000af0      0x100 /home/phipse/gsoc/pok/trunk/libpok/libpok.a(core.lo)
                                        0x1c0 (size before relaxing)
 .eh_frame      0x0000000000000bf0      0x1a8 /home/phipse/gsoc/pok/trunk/libpok/libpok.a(libc.lo)
                                        0x1d8 (size before relaxing)

.rel.dyn        0x0000000000000d98        0x0
 .rel.iplt      0x0000000000000000        0x0 main.o
 .rel.text      0x0000000000000000        0x0 main.o

.data           0x0000000000000da0       0x90
 *(.data)
 .data          0x0000000000000da0        0x0 main.o
 .data          0x0000000000000da0        0x0 activity.o
 .data          0x0000000000000da0        0x0 subprograms.o
 .data          0x0000000000000da0        0x0 gtypes.o
 .data          0x0000000000000da0        0x0 ../../../hello.o
 .data          0x0000000000000da0        0x0 /home/phipse/gsoc/pok/trunk/libpok/libpok.a(arch.lo)
 .data          0x0000000000000da0        0x0 /home/phipse/gsoc/pok/trunk/libpok/libpok.a(core.lo)
 .data          0x0000000000000da0        0x0 /home/phipse/gsoc/pok/trunk/libpok/libpok.a(libc.lo)
 *(.bss)
 .bss           0x0000000000000da0        0x0 main.o
 .bss           0x0000000000000da0        0x0 activity.o
 .bss           0x0000000000000da0        0x0 subprograms.o
 .bss           0x0000000000000da0        0x0 gtypes.o
 .bss           0x0000000000000da0        0x0 ../../../hello.o
 .bss           0x0000000000000da0        0x0 /home/phipse/gsoc/pok/trunk/libpok/libpok.a(arch.lo)
 .bss           0x0000000000000da0        0x0 /home/phipse/gsoc/pok/trunk/libpok/libpok.a(core.lo)
 .bss           0x0000000000000da0       0x84 /home/phipse/gsoc/pok/trunk/libpok/libpok.a(libc.lo)
 *(COMMON)
 COMMON         0x0000000000000e24        0x8 main.o
                0x0000000000000e24                pok_threads
 COMMON         0x0000000000000e2c        0x4 /home/phipse/gsoc/pok/trunk/libpok/libpok.a(core.lo)
                0x0000000000000e2c                errno
                0x0000000000000e30                __partition_end = .
LOAD main.o
LOAD activity.o
LOAD subprograms.o
LOAD gtypes.o
LOAD ../../../hello.o
LOAD /home/phipse/gsoc/pok/trunk/libpok/libpok.a
OUTPUT(part1.elf elf32-i386)

.igot.plt       0x0000000000000e30        0x0
 .igot.plt      0x0000000000000000        0x0 main.o

.debug_info     0x0000000000000000     0x2dd5
 .debug_info    0x0000000000000000      0x4a3 main.o
 .debug_info    0x00000000000004a3      0x199 activity.o
 .debug_info    0x000000000000063c       0x4c subprograms.o
 .debug_info    0x0000000000000688       0xb3 ../../../hello.o
 .debug_info    0x000000000000073b      0x2d0 /home/phipse/gsoc/pok/trunk/libpok/libpok.a(arch.lo)
 .debug_info    0x0000000000000a0b     0x1593 /home/phipse/gsoc/pok/trunk/libpok/libpok.a(core.lo)
 .debug_info    0x0000000000001f9e      0xe37 /home/phipse/gsoc/pok/trunk/libpok/libpok.a(libc.lo)

.debug_abbrev   0x0000000000000000      0xe8f
 .debug_abbrev  0x0000000000000000      0x122 main.o
 .debug_abbrev  0x0000000000000122       0xaf activity.o
 .debug_abbrev  0x00000000000001d1       0x4a subprograms.o
 .debug_abbrev  0x000000000000021b       0x9b ../../../hello.o
 .debug_abbrev  0x00000000000002b6       0xbb /home/phipse/gsoc/pok/trunk/libpok/libpok.a(arch.lo)
 .debug_abbrev  0x0000000000000371      0x682 /home/phipse/gsoc/pok/trunk/libpok/libpok.a(core.lo)
 .debug_abbrev  0x00000000000009f3      0x49c /home/phipse/gsoc/pok/trunk/libpok/libpok.a(libc.lo)

.debug_loc      0x0000000000000000      0x5dd
 .debug_loc     0x0000000000000000       0x1e main.o
 .debug_loc     0x000000000000001e       0x2b /home/phipse/gsoc/pok/trunk/libpok/libpok.a(core.lo)
 .debug_loc     0x0000000000000049      0x594 /home/phipse/gsoc/pok/trunk/libpok/libpok.a(libc.lo)

.debug_aranges  0x0000000000000000      0x2b8
 .debug_aranges
                0x0000000000000000       0x20 main.o
 .debug_aranges
                0x0000000000000020       0x20 activity.o
 .debug_aranges
                0x0000000000000040       0x20 subprograms.o
 .debug_aranges
                0x0000000000000060       0x20 ../../../hello.o
 .debug_aranges
                0x0000000000000080       0x20 /home/phipse/gsoc/pok/trunk/libpok/libpok.a(arch.lo)
 .debug_aranges
                0x00000000000000a0      0x130 /home/phipse/gsoc/pok/trunk/libpok/libpok.a(core.lo)
 .debug_aranges
                0x00000000000001d0       0xe8 /home/phipse/gsoc/pok/trunk/libpok/libpok.a(libc.lo)

.debug_line     0x0000000000000000      0xc96
 .debug_line    0x0000000000000000      0x15d main.o
 .debug_line    0x000000000000015d       0xc8 activity.o
 .debug_line    0x0000000000000225       0x3e subprograms.o
 .debug_line    0x0000000000000263        0x0 gtypes.o
 .debug_line    0x0000000000000263       0x7f ../../../hello.o
 .debug_line    0x00000000000002e2       0xba /home/phipse/gsoc/pok/trunk/libpok/libpok.a(arch.lo)
 .debug_line    0x000000000000039c      0x5d9 /home/phipse/gsoc/pok/trunk/libpok/libpok.a(core.lo)
 .debug_line    0x0000000000000975      0x321 /home/phipse/gsoc/pok/trunk/libpok/libpok.a(libc.lo)

.debug_str      0x0000000000000000      0xc0e
 .debug_str     0x0000000000000000      0x827 main.o
                                        0x86b (size before relaxing)
 .debug_str     0x0000000000000827       0x3a activity.o
                                        0x3fc (size before relaxing)
 .debug_str     0x0000000000000861        0xe subprograms.o
                                        0x110 (size before relaxing)
 .debug_str     0x000000000000086f       0x11 ../../../hello.o
                                        0x10b (size before relaxing)
 .debug_str     0x0000000000000880       0x4b /home/phipse/gsoc/pok/trunk/libpok/libpok.a(arch.lo)
                                        0x713 (size before relaxing)
 .debug_str     0x00000000000008cb      0x135 /home/phipse/gsoc/pok/trunk/libpok/libpok.a(core.lo)
                                       0x336f (size before relaxing)
 .debug_str     0x0000000000000a00      0x20e /home/phipse/gsoc/pok/trunk/libpok/libpok.a(libc.lo)
                                       0x127e (size before relaxing)

.comment        0x0000000000000000       0x2c
 .comment       0x0000000000000000       0x2c main.o
                                         0x2d (size before relaxing)
 .comment       0x0000000000000000       0x2d activity.o
 .comment       0x0000000000000000       0x2d subprograms.o
 .comment       0x0000000000000000       0x2d gtypes.o
 .comment       0x0000000000000000       0x2d ../../../hello.o
 .comment       0x0000000000000000       0xb4 /home/phipse/gsoc/pok/trunk/libpok/libpok.a(arch.lo)
 .comment       0x0000000000000000      0x627 /home/phipse/gsoc/pok/trunk/libpok/libpok.a(core.lo)
 .comment       0x0000000000000000      0x276 /home/phipse/gsoc/pok/trunk/libpok/libpok.a(libc.lo)

.note.GNU-stack
                0x0000000000000000        0x0
 .note.GNU-stack
                0x0000000000000000        0x0 main.o
 .note.GNU-stack
                0x0000000000000000        0x0 activity.o
 .note.GNU-stack
                0x0000000000000000        0x0 subprograms.o
 .note.GNU-stack
                0x0000000000000000        0x0 gtypes.o
 .note.GNU-stack
                0x0000000000000000        0x0 ../../../hello.o
 .note.GNU-stack
                0x0000000000000000        0x0 /home/phipse/gsoc/pok/trunk/libpok/libpok.a(arch.lo)
 .note.GNU-stack
                0x0000000000000000        0x0 /home/phipse/gsoc/pok/trunk/libpok/libpok.a(core.lo)
 .note.GNU-stack
                0x0000000000000000        0x0 /home/phipse/gsoc/pok/trunk/libpok/libpok.a(libc.lo)

.debug_ranges   0x0000000000000000       0x18
 .debug_ranges  0x0000000000000000       0x18 /home/phipse/gsoc/pok/trunk/libpok/libpok.a(libc.lo)
