
Allocating common symbols
Common symbol       size              file

pok_idt             0x800             kernel/kernel.lo
pok_x86_pm_heap_end
                    0x4               kernel/kernel.lo
pok_multiboot_magic
                    0x4               kernel/kernel.lo
pok_x86_pm_heap_start
                    0x4               kernel/kernel.lo
pok_sched_next_major_frame
                    0x8               kernel/kernel.lo
pok_multiboot_info  0x4               kernel/kernel.lo
pok_threads         0x1f8             kernel/kernel.lo
pok_stack           0x4000            kernel/kernel.lo
pok_x86_pm_brk      0x4               kernel/kernel.lo
pok_sched_next_deadline
                    0x8               kernel/kernel.lo
pok_global_sched    0x4               kernel/kernel.lo
pok_partitions      0xa8              kernel/kernel.lo
pok_gdt             0x800             kernel/kernel.lo
g_cons              0x3               kernel/kernel.lo
pok_tss             0x68              kernel/kernel.lo
pok_current_partition
                    0x2               kernel/kernel.lo

Memory Configuration

Name             Origin             Length             Attributes
*default*        0x0000000000000000 0xffffffffffffffff

Linker script and memory map

                0x0000000000100000                . = 0x100000
                0x0000000000100000                __pok_begin = .

.text           0x0000000000100000     0x25e0
 *(.multiboot)
 .multiboot     0x0000000000100000       0x14 kernel/kernel.lo
 *(.text)
 *fill*         0x0000000000100014        0xc 
 .text          0x0000000000100020     0x25c0 kernel/kernel.lo
                0x0000000000100020                pok_partition_setup_scheduler
                0x0000000000100048                pok_partition_setup_main_thread
                0x00000000001000c3                pok_partition_init
                0x000000000010021f                pok_partition_set_mode
                0x000000000010038a                pok_partition_set_mode_current
                0x00000000001003d2                pok_current_partition_get_id
                0x00000000001003fb                pok_current_partition_get_period
                0x0000000000100433                pok_current_partition_get_duration
                0x000000000010046c                pok_current_partition_get_operating_mode
                0x000000000010049d                pok_current_partition_get_lock_level
                0x00000000001004ce                pok_current_partition_get_start_condition
                0x0000000000100500                pok_thread_init
                0x0000000000100683                pok_partition_thread_create
                0x0000000000100889                pok_thread_start
                0x00000000001008a3                pok_thread_delayed_start
                0x0000000000100a58                pok_thread_get_status
                0x0000000000100af7                pok_thread_set_priority
                0x0000000000100b4c                pok_thread_resume
                0x0000000000100bb8                pok_thread_suspend_target
                0x0000000000100c10                pok_sched_init
                0x0000000000100c67                pok_sched_get_priority_min
                0x0000000000100c83                pok_sched_get_priority_max
                0x0000000000100c9f                pok_elect_partition
                0x0000000000100d17                pok_elect_thread
                0x0000000000100e7b                pok_sched_context_switch
                0x0000000000100eea                pok_sched
                0x0000000000100f52                pok_sched_part_rr
                0x0000000000100fcd                pok_sched_stop_thread
                0x0000000000100ff2                pok_sched_end_period
                0x0000000000101038                pok_sched_get_current
                0x0000000000101070                pok_time_init
                0x00000000001010a0                pok_core_syscall
                0x00000000001012f4                pok_loader_load_partition
                0x00000000001013e0                pok_boot
                0x0000000000101430                pok_print_char
                0x000000000010145c                pok_print_attr
                0x0000000000101488                pok_write
                0x00000000001014d0                pok_print_init
                0x00000000001014fc                memcpy
                0x000000000010153c                memset
                0x0000000000101570                __udivdi3
                0x00000000001015a0                pok_cons_attr
                0x00000000001015c0                pok_cons_print_char
                0x000000000010171b                pok_cons_clear
                0x000000000010179c                pok_cons_write
                0x000000000010189d                pok_cons_disable_cursor
                0x00000000001018e7                pok_cons_init
                0x0000000000101928                core_entry
                0x0000000000101928                _core_entry
                0x0000000000101948                pok_bsp_init
                0x0000000000101973                pok_bsp_irq_acknowledge
                0x000000000010199b                pok_bsp_irq_register
                0x00000000001019e0                pok_bsp_mem_alloc
                0x0000000000101a02                pok_bsp_time_init
                0x0000000000101a20                pok_pm_init
                0x0000000000101a60                pok_pm_sbrk
                0x0000000000101a88                pok_pic_init
                0x0000000000101ad5                pok_pic_mask
                0x0000000000101b43                pok_pic_unmask
                0x0000000000101bb1                pok_pic_eoi
                0x0000000000101be8                pit_interrupt
                0x0000000000101c0d                pit_interrupt_handler
                0x0000000000101c43                pok_x86_qemu_timer_init
                0x0000000000101c88                pok_arch_init
                0x0000000000101cae                pok_arch_preempt_disable
                0x0000000000101ccb                pok_arch_preempt_enable
                0x0000000000101ce8                pok_arch_idle
                0x0000000000101d00                pok_arch_event_register
                0x0000000000101d47                pok_thread_stack_addr
                0x0000000000101d78                tss_set_esp0
                0x0000000000101d97                gdt_set_segment
                0x0000000000101e7e                gdt_set_system
                0x0000000000101f29                pok_tss_init
                0x0000000000101fa1                pok_gdt_init
                0x000000000010205c                gdt_enable
                0x000000000010207f                gdt_disable
                0x00000000001020a4                pok_idt_init
                0x00000000001020ed                pok_event_init
                0x0000000000102113                pok_idt_set_gate
                0x0000000000102174                pok_context_switch
                0x0000000000102189                pok_context_create
                0x00000000001021f5                pok_context_reset
                0x0000000000102264                pok_dispatch_space
                0x0000000000102303                pok_create_space
                0x0000000000102384                pok_space_switch
                0x00000000001023ec                pok_space_base_vaddr
                0x0000000000102408                pok_space_context_create
                0x00000000001024bc                syscall_gate
                0x00000000001024e5                syscall_gate_handler
                0x000000000010256c                pok_syscall_init
                0x00000000001025b4                update_tss
 .text          0x00000000001025e0        0x0 sizes.o

.iplt           0x00000000001025e0        0x0
 .iplt          0x0000000000000000        0x0 kernel/kernel.lo

.rodata
 *(.rodata)

.rodata.str1.1  0x00000000001025e0       0x18
 .rodata.str1.1
                0x00000000001025e0       0x18 kernel/kernel.lo

.eh_frame       0x00000000001025f8      0xbfc
 .eh_frame      0x00000000001025f8      0xbfc kernel/kernel.lo
                                        0xe0c (size before relaxing)

.rel.dyn        0x00000000001031f4        0x0
 .rel.iplt      0x0000000000000000        0x0 kernel/kernel.lo
 .rel.text      0x0000000000000000        0x0 kernel/kernel.lo

.data           0x0000000000103200    0x20caa
 *(.data)
 .data          0x0000000000103200       0x18 kernel/kernel.lo
                0x0000000000103200                current_thread
                0x0000000000103204                pok_sched_slots_allocation
                0x0000000000103208                pok_sched_slots
 .data          0x0000000000103218        0x8 sizes.o
                0x0000000000103218                part_sizes
 *(.bss)
 .bss           0x0000000000103220       0x20 kernel/kernel.lo
                0x0000000000103220                pok_partitions_index
                0x0000000000103224                pok_sched_current_slot
                0x0000000000103228                pok_tick_counter
                0x0000000000103230                pok_print_attr_fn
                0x0000000000103234                pok_print_char_fn
 .bss           0x0000000000103240        0x0 sizes.o
 *(COMMON)
 COMMON         0x0000000000103240     0x538a kernel/kernel.lo
                0x0000000000103240                pok_idt
                0x0000000000103a40                pok_x86_pm_heap_end
                0x0000000000103a44                pok_multiboot_magic
                0x0000000000103a48                pok_x86_pm_heap_start
                0x0000000000103a50                pok_sched_next_major_frame
                0x0000000000103a58                pok_multiboot_info
                0x0000000000103a60                pok_threads
                0x0000000000103c60                pok_stack
                0x0000000000107c60                pok_x86_pm_brk
                0x0000000000107c68                pok_sched_next_deadline
                0x0000000000107c70                pok_global_sched
                0x0000000000107c80                pok_partitions
                0x0000000000107d40                pok_gdt
                0x0000000000108540                g_cons
                0x0000000000108560                pok_tss
                0x00000000001085c8                pok_current_partition
                0x00000000001085ca                __archive_begin = .
 *(.archive)
                0x00000000001085ca                __archive_end = .
                0x00000000001085ca                __archive2_begin = .
 *(.archive2)
 .archive2      0x00000000001085ca    0x1b8e0 sizes.o
                0x0000000000123eaa                __archive2_end = .
                0x0000000000123eaa                __pok_end = .
LOAD kernel/kernel.lo
LOAD sizes.o
OUTPUT(/home/phipse/gsoc/pok/trunk/examples/partitions-threads/generated-code/cpu/pok.elf elf32-i386)

.igot.plt       0x0000000000123eac        0x0
 .igot.plt      0x0000000000000000        0x0 kernel/kernel.lo

.comment        0x0000000000000000       0x2c
 .comment       0x0000000000000000       0x2c kernel/kernel.lo
                                        0x951 (size before relaxing)
 .comment       0x0000000000000000       0x2d sizes.o

.note.GNU-stack
                0x0000000000000000        0x0
 .note.GNU-stack
                0x0000000000000000        0x0 kernel/kernel.lo
 .note.GNU-stack
                0x0000000000000000        0x0 sizes.o

.debug_aranges  0x0000000000000000      0x318
 .debug_aranges
                0x0000000000000000      0x300 kernel/kernel.lo
 .debug_aranges
                0x0000000000000300       0x18 sizes.o

.debug_info     0x0000000000000000     0x631a
 .debug_info    0x0000000000000000     0x629f kernel/kernel.lo
 .debug_info    0x000000000000629f       0x7b sizes.o

.debug_abbrev   0x0000000000000000     0x1da0
 .debug_abbrev  0x0000000000000000     0x1d55 kernel/kernel.lo
 .debug_abbrev  0x0000000000001d55       0x4b sizes.o

.debug_line     0x0000000000000000     0x16a2
 .debug_line    0x0000000000000000     0x163b kernel/kernel.lo
 .debug_line    0x000000000000163b       0x67 sizes.o

.debug_str      0x0000000000000000     0x1992
 .debug_str     0x0000000000000000     0x18f5 kernel/kernel.lo
                                       0x7b27 (size before relaxing)
 .debug_str     0x00000000000018f5       0x9d sizes.o
                                        0x11b (size before relaxing)

.debug_loc      0x0000000000000000      0xdf1
 .debug_loc     0x0000000000000000      0xdf1 kernel/kernel.lo
