Archive member included because of file (symbol)

/home/phipse/gsoc/pok/trunk/libpok/libpok.a(arch.lo)
                              main.o (pok_do_syscall)
/home/phipse/gsoc/pok/trunk/libpok/libpok.a(core.lo)
                              main.o (pok_thread_attr_init)
/home/phipse/gsoc/pok/trunk/libpok/libpok.a(libc.lo)
                              main.o (printf)

Allocating common symbols
Common symbol       size              file

errno               0x4               /home/phipse/gsoc/pok/trunk/libpok/libpok.a(core.lo)
pok_threads         0x8               main.o

Memory Configuration

Name             Origin             Length             Attributes
*default*        0x0000000000000000 0xffffffffffffffff

Linker script and memory map

                0x0000000000000000                . = 0x0
                0x0000000000000000                __partition_begin = .

.text           0x0000000000000000      0x964
 *(.text)
 .text          0x0000000000000000      0x10b main.o
                0x0000000000000000                main
 *fill*         0x000000000000010b        0x5 
 .text          0x0000000000000110       0x26 activity.o
                0x0000000000000110                thr1_job
 *fill*         0x0000000000000136        0x2 
 .text          0x0000000000000138       0x1c subprograms.o
                0x0000000000000138                test__hello_part1
 .text          0x0000000000000154        0x0 gtypes.o
 .text          0x0000000000000154       0x23 ../../../threadstart.o
                0x0000000000000154                user_thread_starting
 *fill*         0x0000000000000177        0x1 
 .text          0x0000000000000178       0x23 ../../../hello1.o
                0x0000000000000178                user_hello_part1
 *fill*         0x000000000000019b        0x1 
 .text          0x000000000000019c       0x25 /home/phipse/gsoc/pok/trunk/libpok/libpok.a(arch.lo)
                0x000000000000019c                pok_do_syscall
 *fill*         0x00000000000001c1        0x3 
 .text          0x00000000000001c4      0x27b /home/phipse/gsoc/pok/trunk/libpok/libpok.a(core.lo)
                0x00000000000001c4                __pok_partition_start
                0x00000000000001e8                pok_thread_create
                0x000000000000023c                pok_thread_attr_init
                0x000000000000029c                pok_thread_period
                0x00000000000002f0                pok_thread_status
                0x0000000000000344                pok_thread_delayed_start
                0x0000000000000398                pok_thread_set_priority
                0x00000000000003ec                pok_thread_resume
 *fill*         0x000000000000043f        0x1 
 .text          0x0000000000000440      0x524 /home/phipse/gsoc/pok/trunk/libpok/libpok.a(libc.lo)
                0x0000000000000779                vprintf
                0x00000000000008fe                printf
                0x0000000000000928                memcpy

.iplt           0x0000000000000970        0x0
 .iplt          0x0000000000000000        0x0 main.o

.rodata         0x0000000000000980       0x7d
 *(.rodata)
 .rodata        0x0000000000000980       0x7d /home/phipse/gsoc/pok/trunk/libpok/libpok.a(libc.lo)

.rodata.str1.1  0x00000000000009fd       0x2a
 .rodata.str1.1
                0x00000000000009fd        0x7 main.o
 .rodata.str1.1
                0x0000000000000a04        0xe ../../../threadstart.o
 .rodata.str1.1
                0x0000000000000a12       0x15 ../../../hello1.o

.rodata.str1.4  0x0000000000000a28       0x2c
 .rodata.str1.4
                0x0000000000000a28       0x2c main.o

.eh_frame       0x0000000000000a54      0x380
 .eh_frame      0x0000000000000a54       0x38 main.o
 .eh_frame      0x0000000000000a8c       0x1c activity.o
                                         0x34 (size before relaxing)
 .eh_frame      0x0000000000000aa8       0x20 subprograms.o
                                         0x38 (size before relaxing)
 .eh_frame      0x0000000000000ac8       0x20 ../../../threadstart.o
                                         0x38 (size before relaxing)
 .eh_frame      0x0000000000000ae8       0x20 ../../../hello1.o
                                         0x38 (size before relaxing)
 .eh_frame      0x0000000000000b08       0x24 /home/phipse/gsoc/pok/trunk/libpok/libpok.a(arch.lo)
                                         0x3c (size before relaxing)
 .eh_frame      0x0000000000000b2c      0x100 /home/phipse/gsoc/pok/trunk/libpok/libpok.a(core.lo)
                                        0x1c0 (size before relaxing)
 .eh_frame      0x0000000000000c2c      0x1a8 /home/phipse/gsoc/pok/trunk/libpok/libpok.a(libc.lo)
                                        0x1d8 (size before relaxing)

.rel.dyn        0x0000000000000dd4        0x0
 .rel.iplt      0x0000000000000000        0x0 main.o
 .rel.text      0x0000000000000000        0x0 main.o

.data           0x0000000000000de0       0x90
 *(.data)
 .data          0x0000000000000de0        0x0 main.o
 .data          0x0000000000000de0        0x0 activity.o
 .data          0x0000000000000de0        0x0 subprograms.o
 .data          0x0000000000000de0        0x0 gtypes.o
 .data          0x0000000000000de0        0x0 ../../../threadstart.o
 .data          0x0000000000000de0        0x0 ../../../hello1.o
 .data          0x0000000000000de0        0x0 /home/phipse/gsoc/pok/trunk/libpok/libpok.a(arch.lo)
 .data          0x0000000000000de0        0x0 /home/phipse/gsoc/pok/trunk/libpok/libpok.a(core.lo)
 .data          0x0000000000000de0        0x0 /home/phipse/gsoc/pok/trunk/libpok/libpok.a(libc.lo)
 *(.bss)
 .bss           0x0000000000000de0        0x0 main.o
 .bss           0x0000000000000de0        0x0 activity.o
 .bss           0x0000000000000de0        0x0 subprograms.o
 .bss           0x0000000000000de0        0x0 gtypes.o
 .bss           0x0000000000000de0        0x0 ../../../threadstart.o
 .bss           0x0000000000000de0        0x0 ../../../hello1.o
 .bss           0x0000000000000de0        0x0 /home/phipse/gsoc/pok/trunk/libpok/libpok.a(arch.lo)
 .bss           0x0000000000000de0        0x0 /home/phipse/gsoc/pok/trunk/libpok/libpok.a(core.lo)
 .bss           0x0000000000000de0       0x84 /home/phipse/gsoc/pok/trunk/libpok/libpok.a(libc.lo)
 *(COMMON)
 COMMON         0x0000000000000e64        0x8 main.o
                0x0000000000000e64                pok_threads
 COMMON         0x0000000000000e6c        0x4 /home/phipse/gsoc/pok/trunk/libpok/libpok.a(core.lo)
                0x0000000000000e6c                errno
                0x0000000000000e70                __partition_end = .
LOAD main.o
LOAD activity.o
LOAD subprograms.o
LOAD gtypes.o
LOAD ../../../threadstart.o
LOAD ../../../hello1.o
LOAD /home/phipse/gsoc/pok/trunk/libpok/libpok.a
OUTPUT(part1.elf elf32-i386)

.igot.plt       0x0000000000000e70        0x0
 .igot.plt      0x0000000000000000        0x0 main.o

.debug_info     0x0000000000000000     0x2e4b
 .debug_info    0x0000000000000000      0x4a3 main.o
 .debug_info    0x00000000000004a3      0x1c4 activity.o
 .debug_info    0x0000000000000667       0x4c subprograms.o
 .debug_info    0x00000000000006b3       0x7f ../../../threadstart.o
 .debug_info    0x0000000000000732       0x7f ../../../hello1.o
 .debug_info    0x00000000000007b1      0x2d0 /home/phipse/gsoc/pok/trunk/libpok/libpok.a(arch.lo)
 .debug_info    0x0000000000000a81     0x1593 /home/phipse/gsoc/pok/trunk/libpok/libpok.a(core.lo)
 .debug_info    0x0000000000002014      0xe37 /home/phipse/gsoc/pok/trunk/libpok/libpok.a(libc.lo)

.debug_abbrev   0x0000000000000000      0xf1b
 .debug_abbrev  0x0000000000000000      0x122 main.o
 .debug_abbrev  0x0000000000000122       0xc2 activity.o
 .debug_abbrev  0x00000000000001e4       0x4a subprograms.o
 .debug_abbrev  0x000000000000022e       0x8a ../../../threadstart.o
 .debug_abbrev  0x00000000000002b8       0x8a ../../../hello1.o
 .debug_abbrev  0x0000000000000342       0xbb /home/phipse/gsoc/pok/trunk/libpok/libpok.a(arch.lo)
 .debug_abbrev  0x00000000000003fd      0x682 /home/phipse/gsoc/pok/trunk/libpok/libpok.a(core.lo)
 .debug_abbrev  0x0000000000000a7f      0x49c /home/phipse/gsoc/pok/trunk/libpok/libpok.a(libc.lo)

.debug_loc      0x0000000000000000      0x6d3
 .debug_loc     0x0000000000000000       0x1e main.o
 .debug_loc     0x000000000000001e       0x2b /home/phipse/gsoc/pok/trunk/libpok/libpok.a(core.lo)
 .debug_loc     0x0000000000000049      0x68a /home/phipse/gsoc/pok/trunk/libpok/libpok.a(libc.lo)

.debug_aranges  0x0000000000000000      0x2d8
 .debug_aranges
                0x0000000000000000       0x20 main.o
 .debug_aranges
                0x0000000000000020       0x20 activity.o
 .debug_aranges
                0x0000000000000040       0x20 subprograms.o
 .debug_aranges
                0x0000000000000060       0x20 ../../../threadstart.o
 .debug_aranges
                0x0000000000000080       0x20 ../../../hello1.o
 .debug_aranges
                0x00000000000000a0       0x20 /home/phipse/gsoc/pok/trunk/libpok/libpok.a(arch.lo)
 .debug_aranges
                0x00000000000000c0      0x130 /home/phipse/gsoc/pok/trunk/libpok/libpok.a(core.lo)
 .debug_aranges
                0x00000000000001f0       0xe8 /home/phipse/gsoc/pok/trunk/libpok/libpok.a(libc.lo)

.debug_line     0x0000000000000000      0xd1b
 .debug_line    0x0000000000000000      0x15d main.o
 .debug_line    0x000000000000015d       0xc9 activity.o
 .debug_line    0x0000000000000226       0x3e subprograms.o
 .debug_line    0x0000000000000264        0x0 gtypes.o
 .debug_line    0x0000000000000264       0x84 ../../../threadstart.o
 .debug_line    0x00000000000002e8       0x7f ../../../hello1.o
 .debug_line    0x0000000000000367       0xba /home/phipse/gsoc/pok/trunk/libpok/libpok.a(arch.lo)
 .debug_line    0x0000000000000421      0x5d9 /home/phipse/gsoc/pok/trunk/libpok/libpok.a(core.lo)
 .debug_line    0x00000000000009fa      0x321 /home/phipse/gsoc/pok/trunk/libpok/libpok.a(libc.lo)

.debug_str      0x0000000000000000      0xc50
 .debug_str     0x0000000000000000      0x82d main.o
                                        0x871 (size before relaxing)
 .debug_str     0x000000000000082d       0x4d activity.o
                                        0x415 (size before relaxing)
 .debug_str     0x000000000000087a       0x1f subprograms.o
                                        0x11a (size before relaxing)
 .debug_str     0x0000000000000899       0x17 ../../../threadstart.o
                                        0x121 (size before relaxing)
 .debug_str     0x00000000000008b0       0x12 ../../../hello1.o
                                        0x118 (size before relaxing)
 .debug_str     0x00000000000008c2       0x4b /home/phipse/gsoc/pok/trunk/libpok/libpok.a(arch.lo)
                                        0x713 (size before relaxing)
 .debug_str     0x000000000000090d      0x135 /home/phipse/gsoc/pok/trunk/libpok/libpok.a(core.lo)
                                       0x336f (size before relaxing)
 .debug_str     0x0000000000000a42      0x20e /home/phipse/gsoc/pok/trunk/libpok/libpok.a(libc.lo)
                                       0x127e (size before relaxing)

.comment        0x0000000000000000       0x2c
 .comment       0x0000000000000000       0x2c main.o
                                         0x2d (size before relaxing)
 .comment       0x0000000000000000       0x2d activity.o
 .comment       0x0000000000000000       0x2d subprograms.o
 .comment       0x0000000000000000       0x2d gtypes.o
 .comment       0x0000000000000000       0x2d ../../../threadstart.o
 .comment       0x0000000000000000       0x2d ../../../hello1.o
 .comment       0x0000000000000000       0xb4 /home/phipse/gsoc/pok/trunk/libpok/libpok.a(arch.lo)
 .comment       0x0000000000000000      0x627 /home/phipse/gsoc/pok/trunk/libpok/libpok.a(core.lo)
 .comment       0x0000000000000000      0x276 /home/phipse/gsoc/pok/trunk/libpok/libpok.a(libc.lo)

.note.GNU-stack
                0x0000000000000000        0x0
 .note.GNU-stack
                0x0000000000000000        0x0 main.o
 .note.GNU-stack
                0x0000000000000000        0x0 activity.o
 .note.GNU-stack
                0x0000000000000000        0x0 subprograms.o
 .note.GNU-stack
                0x0000000000000000        0x0 gtypes.o
 .note.GNU-stack
                0x0000000000000000        0x0 ../../../threadstart.o
 .note.GNU-stack
                0x0000000000000000        0x0 ../../../hello1.o
 .note.GNU-stack
                0x0000000000000000        0x0 /home/phipse/gsoc/pok/trunk/libpok/libpok.a(arch.lo)
 .note.GNU-stack
                0x0000000000000000        0x0 /home/phipse/gsoc/pok/trunk/libpok/libpok.a(core.lo)
 .note.GNU-stack
                0x0000000000000000        0x0 /home/phipse/gsoc/pok/trunk/libpok/libpok.a(libc.lo)

.debug_ranges   0x0000000000000000       0x18
 .debug_ranges  0x0000000000000000       0x18 /home/phipse/gsoc/pok/trunk/libpok/libpok.a(libc.lo)
